[rbista.com/zwin/html/index.html]
[backblue.gif]
[fade.gif]
[index.html]
[rbista.com/zwin/html/css/reset.css]
[rbista.com/zwin/html/css/style.css]
[rbista.com/zwin/html/css/prettyPhoto.css]
[rbista.com/zwin/html/js/jquery.min.js]
[rbista.com/zwin/html/js/jquery.easytabs.min.js]
[rbista.com/zwin/html/js/respond.min.js]
[rbista.com/zwin/html/js/jquery.prettyPhoto.js]
[rbista.com/zwin/html/js/jquery.isotope.min.js]
[maps.google.com/maps/api/jsee3a]
[rbista.com/zwin/html/js/jquery-ui-map.js]
[rbista.com/zwin/html/js/plugins.js]
[rbista.com/zwin/html/js/custom.js]
[rbista.com/zwin/html/js/jquery.carouFredSel.js]
[rbista.com/zwin/html/images/photo.jpg]
[rbista.com/zwin/html/images/photo1.png]
[www.w3.org/1999/xhtml/index.html]
[rbista.com/zwin/html/portfolio/1.jpg]
[rbista.com/zwin/html/portfolio/1-thumb.jpg]
[rbista.com/zwin/html/portfolio/4.jpg]
[rbista.com/zwin/html/portfolio/3-thumb.jpg]
[rbista.com/zwin/html/portfolio/2-thumb.jpg]
[www.youtube.com/watchfb66.html]
[rbista.com/zwin/html/portfolio/4-thumb.jpg]
[rbista.com/zwin/html/portfolio/5.jpg]
[rbista.com/zwin/html/portfolio/6.jpg]
[rbista.com/zwin/html/portfolio/6-thumb.jpg]
[rbista.com/zwin/html/portfolio/7.jpg]
[rbista.com/zwin/html/portfolio/7-thumb.jpg]
[rbista.com/zwin/html/portfolio/8.jpg]
[rbista.com/zwin/html/portfolio/8-thumb.jpg]
[rbista.com/zwin/html/index.html]
[www.w3.org/StyleSheets/TR/base.css]
[www.w3.org/2003/g/data-view.html]
[www.w3.org/2008/07/rdfa-xslt]
[www.w3.org/Icons/w3c_home.png]
[www.w3.org/index.html]
[www.w3.org/TR/xhtml1/index.html]
[www.w3.org/TR/xhtml-modularization/index.html]
[www.w3.org/TR/xhtml11/index.html]
[www.w3.org/TR/xhtml-basic/index.html]
[www.w3.org/TR/xhtml-print/index.html]
[www.w3.org/1999/xhtml/index.html]
[www.w3.org/TR/rdfa-syntax/index.html]
[rbista.com/zwin/html/css/reset.css]
[www.w3.org/TR/html5/index.html]
[www.w3.org/WebPlatform/WG/index.html]
[www.w3.org/TR/REC-xml-names/index.html]
[rbista.com/zwin/html/fonts/icomoon/icomoon.eot]
[rbista.com/zwin/html/fonts/icomoon/icomoond41d.eot]
[www.w3.org/TR/html51/index.html]
[rbista.com/zwin/html/fonts/icomoon/icomoon.svg]
[rbista.com/zwin/html/fonts/icomoon/icomoon.woff]
[rbista.com/zwin/html/images/photo-inner.png]
[rbista.com/zwin/html/images/personal-info-sep.png]
[www.w3.org/TR/html52/index.html]
[rbista.com/zwin/html/images/tab-hover.png]
[rbista.com/zwin/html/images/tab-hover@2x.png]
[rbista.com/zwin/html/css/style.css]
[rbista.com/zwin/html/images/prettyPhoto/default/sprite.png]
[rbista.com/zwin/html/images/prettyPhoto/default/sprite_x.png]
[rbista.com/zwin/html/images/prettyPhoto/default/sprite_y.png]
[rbista.com/zwin/html/images/prettyPhoto/default/sprite_next.png]
[rbista.com/zwin/html/images/prettyPhoto/default/sprite_prev.png]
[rbista.com/zwin/html/images/prettyPhoto/default/default_thumb.png]
[rbista.com/zwin/html/images/prettyPhoto/default/loader.gif]
[rbista.com/zwin/html/images/prettyPhoto/light_rounded/sprite.png]
[rbista.com/zwin/html/images/prettyPhoto/light_rounded/btnNext.png]
[rbista.com/zwin/html/images/prettyPhoto/light_rounded/btnPrevious.png]
[rbista.com/zwin/html/images/prettyPhoto/dark_rounded/sprite.png]
[rbista.com/zwin/html/images/prettyPhoto/dark_rounded/btnNext.png]
[rbista.com/zwin/html/images/prettyPhoto/dark_rounded/btnPrevious.png]
[rbista.com/zwin/html/images/prettyPhoto/dark_rounded/loader.gif]
[rbista.com/zwin/html/images/prettyPhoto/dark_square/loader.gif]
[rbista.com/zwin/html/images/prettyPhoto/dark_square/sprite.png]
[rbista.com/zwin/html/images/prettyPhoto/dark_square/btnNext.png]
[rbista.com/zwin/html/images/prettyPhoto/dark_square/btnPrevious.png]
[rbista.com/zwin/html/images/prettyPhoto/light_square/sprite.png]
[rbista.com/zwin/html/images/prettyPhoto/light_square/btnNext.png]
[rbista.com/zwin/html/images/prettyPhoto/light_square/btnPrevious.png]
[rbista.com/zwin/html/images/prettyPhoto/facebook/sprite.png]
[rbista.com/zwin/html/images/prettyPhoto/facebook/contentPatternTop.png]
[rbista.com/zwin/html/images/prettyPhoto/facebook/contentPatternLeft.png]
[rbista.com/zwin/html/images/prettyPhoto/facebook/contentPatternRight.png]
[rbista.com/zwin/html/images/prettyPhoto/facebook/loader.gif]
[rbista.com/zwin/html/images/prettyPhoto/facebook/btnNext.png]
[rbista.com/zwin/html/images/prettyPhoto/facebook/btnPrevious.png]
[rbista.com/zwin/html/images/prettyPhoto/facebook/contentPatternBottom.png]
[rbista.com/zwin/html/images/prettyPhoto/facebook/default_thumbnail.gif]
[rbista.com/zwin/html/images/prettyPhoto/light_rounded/loader.gif]
[rbista.com/zwin/html/css/prettyPhoto.css]
[fonts.gstatic.com/s/opensans/v15/mem6YaGs126MiZpBA-UFUK0Zdcg.ttf]
[fonts.gstatic.com/s/opensans/v15/mem5YaGs126MiZpBA-UN_r8OUuhs.ttf]
[fonts.gstatic.com/s/opensans/v15/mem8YaGs126MiZpBA-UFVZ0e.ttf]
[fonts.gstatic.com/s/opensans/v15/mem5YaGs126MiZpBA-UNirkOUuhs.ttf]
[fonts.gstatic.com/s/opensans/v15/mem5YaGs126MiZpBA-UN7rgOUuhs.ttf]
[fonts.gstatic.com/s/opensans/v15/mem5YaGs126MiZpBA-UN8rsOUuhs.ttf]
[fonts.googleapis.com/css6f7d.css]
[fonts.gstatic.com/s/ptserif/v9/EJRTQgYoZZY2vCFuvAFT_r21dw.ttf]
[fonts.gstatic.com/s/ptserif/v9/EJRVQgYoZZY2vCFuvAFWzro.ttf]
[www.youtube.com/yts/jsbin/scheduler-vfl3G47Co/scheduler.js]
[fonts.gstatic.com/s/roboto/v18/OLffGBTaF0XFOW1gnuHF0Z0EAVxt0G0biEntp43Qt6E.ttf]
[www.youtube.com/yts/jsbin/www-pagead-id-vfl54-Mnx/www-pagead-id.js]
[www.youtube.com/yts/jsbin/player-vflC6bTWQ/es_MX/base.js]
[www.youtube.com/watch956f.html]
[www.youtube.com/manifest.json]
[www.youtube.com/watchcffd.html]
[www.youtube.com/opensearch5529]
[s.ytimg.com/yts/img/favicon-vfl8qSV2F.ico]
[www.youtube.com/yts/img/favicon_32-vflOogEID.png]
[www.youtube.com/yts/img/favicon_48-vflVjB_Qk.png]
[www.youtube.com/yts/img/favicon_96-vflW9Ec0w.png]
[www.youtube.com/yts/img/favicon_144-vfliLAfaB.png]
[www.youtube.com/oembed2dce.json]
[www.youtube.com/oembed3222]
[www.youtube.com/yts/img/ringo/hitchhiker/logo_mini_gray-vflfanGkh.png]
[www.youtube.com/yts/img/ringo/hitchhiker/logo_small-vflHpzGZm.png]
[www.youtube.com/yts/img/ringo/hitchhiker/logo_small_2x-vfl4_cFqn.png]
[www.youtube.com/yts/img/ringo/hitchhiker/yt_play_logo-vflLfk4yD.png]
[www.youtube.com/yts/img/ringo/hitchhiker/yt_play_logo_2x-vflXx5Pg3.png]
[www.youtube.com/yts/img/ringo/hitchhiker/logo_youtube_red-vflZxcSR1.png]
[www.youtube.com/yts/img/ringo/hitchhiker/logo_youtube_red_2x-vflOSHA_n.png]
[www.youtube.com/yts/img/ringo/hitchhiker/video_youtube_red-vflovGTdz.png]
[www.youtube.com/yts/img/ringo/hitchhiker/video_youtube_red_2x-vflqMdgEM.png]
[www.youtube.com/yts/img/ringo/hitchhiker/video_youtube_red_hover-vflgV4Gv0.png]
[www.youtube.com/yts/img/ringo/hitchhiker/video_youtube_red_hover_2x-vflYjZHvf.png]
[accounts.google.com/ServiceLogin5df6.html]
[www.youtube.com/index.html]
[accounts.google.com/ServiceLoginb70c.html]
[support.google.com/youtube/answer/87604e385.html]
[support.google.com/youtube/answer/8760469d1.html]
[schema.org/VideoObject.html]
[accounts.google.com/ServiceLogin0d3d.html]
[schema.org/Person.html]
[www.youtube.com/user/jonlajoie.html]
[plus.google.com/104122962085451386889.html]
[i.ytimg.com/vi/qqXi8WmQ_WM/hqdefault.jpg]
[www.youtube.com/embed/qqXi8WmQ_WM.html]
[www.youtube.com/yts/img/pixel-vfl3z5WfW.gif]
[www.youtube.com/channel/UC-716wgP94vhil91RVJwaIQ.html]
[accounts.google.com/ServiceLogincead.html]
[accounts.google.com/ServiceLogina6af.html]
[itunes.apple.com/us/album/you-want-some-of-this/3044136827e42.html]
[www.youtube.com/intl/es-419/yt/about/policies/index.html]
[www.youtube.com/channel/UCDbM8yVukVKPWUQSODaw_Mw.html]
[www.youtube.com/feed/history.html]
[www.youtube.com/t/terms.html]
[www.youtube.com/testtube.html]
[www.google.com.mx/intl/es-419/policies/privacy/index.html]
[plus.google.com/+youtube.html]
[accounts.google.com/ServiceLogin06c6.html]
[www.youtube.com/yts/jsbin/spf-vflRfjT3b/spf.js]
[www.youtube.com/yts/jsbin/www-en_US-vfl1Lv6IY/base.js]
[www.youtube.com/watchfb66.html]
[www.google.com/index.html]
[www.w3.org/StyleSheets/TR/base.css]
[www.google.com.pe/indexa5ef.html]
[rbista.com/zwin/html/portfolio/5-thumb.jpg]
[www.w3.org/2003/g/style.css]
[www.w3.org/StyleSheets/base.css]
[www.rddl.org/purposes.a7.delayed]
[www.rddl.org/purposes/index.html]
[www.w3.org/2000/01/rdf-schema]
[www.w3.org/1999/02/22-rdf-syntax-ns]
[www.w3.org/2002/07/owl]
[www.w3.org/2001/sw/grddl-wg/td/extract-rdf.xsl]
[www.w3.org/People/Berners-Lee/general.css]
[www.w3.org/2005/10/Process-20051014/tr.html]
[www.microformats.org/index.html]
[iandavis.com/2012/erdf/profile.html]
[www.w3.org/2003/11/rdf-in-xhtml-demo.html]
[www.w3.org/2000/08/w3c-synd/index.html]
[www.ietf.org/rfc/rfc2731.txt]
[xml.mfd-consult.dk/foaf/explorer/index.html]
[www.w3.org/2000/06/dc-extract/dc-extract.xsl]
[www.w3.org/2003/12/rdf-in-xhtml-xslts/grokGeoURL.xsl]
[www.w3.org/2003/12/rdf-in-xhtml-xslts/complete-example.html]
[www.w3.org/TR/grddl-primer/index.html]
[www.w3.org/2003/12/rdf-in-xhtml-xslts/grokFOAF.xsl]
[www.foaf-project.org/index.html]
[www.w3.org/2003/12/rdf-in-xhtml-xslts/grokCC.xsl]
[www.w3.org/wiki/CustomRdfDialects.html]
[www.w3.org/TR/1999/REC-html401-19991224/struct/global.html]
[www.w3.org/2003/11/rdf-in-xhtml-processor]
[www.w3.org/TR/1999/REC-xpath-19991116/index.html]
[www.w3.org/TR/2004/REC-rdf-concepts-20040210/index.html]
[www.w3.org/TR/2004/REC-webarch-20041215/index.html]
[www.w3.org/TR/grddl/index.html]
[www.w3.org/TR/rdf-concepts/index.html]
[www.w3.org/TR/webarch/index.html]
[www.tbray.org/tag/rddl4.html]
[www.w3.org/2003/12/rdf-in-xhtml-xslts/grokXMDP.xsl]
[www.w3.org/2003/g/data-view.html]
[www.w3.org/People/Connolly/index.html]
[www.w3.org/2008/site/css/minimum.css]
[www.w3.org/Help/index.html]
[www.w3.org/2008/site/css/advanced.css]
[www.w3.org/2008/site/css/print.css]
[www.w3.org/2008/site/images/favicon.ico]
[www.w3.org/blog/news/feed/atom]
[www.w3.org/2008/site/images/logo-w3c-mobile-lg.png]
[www.w3.org/Consortium/membership.html]
[www.w3.org/standards/index.html]
[www.w3.org/2008/site/images/search-button.png]
[www.w3.org/2008/site/images/logo-shadow.png]
[www.w3.org/2008/site/images/header-link.gif]
[www.w3.org/participate/index.html]
[www.w3.org/Consortium/index.html]
[www.w3.org/TR/tr-date-all.html]
[www.w3.org/TR/index.html]
[www.w3.org/TR/tr-groups-all.html]
[www.w3.org/auto/index.html]
[www.w3.org/Consortium/mission.html]
[www.w3.org/tv/index.html]
[www.w3.org/Telco/index.html]
[www.w3.org/Consortium/siteindex.html]
[www.w3.org/2013/data/index.html]
[www.w3.org/WoT/index.html]
[www.w3.org/WebCommerce/index.html]
[www.w3.org/TR/xslt/index.html]
[www.w3.org/Security/index.html]
[www.w3.org/Payments/WG/index.html]
[www.w3.org/WAI/index.html]
[www.w3.org/International/index.html]
[www.w3.org/Consortium/activities.html]
[www.w3.org/2015/10/W3C-Developers_Assets/W3C-Developers-Dark.png]
[www.w3.org/developers/index.html]
[www.w3.org/2015/04/w3cx-home.png]
[www.w3.org/2008/site/images/w3devcampus.png]
[www.edx.org/school/w3cx.html]
[www.w3.org/2008/site/images/ttwf-dinos.png]
[testthewebforward.org/index.html]
[www.w3.org/accounts/request.html]
[www.w3.org/blog/news/archives/6846.html]
[www.w3.org/2018/02/media-advisory-woff2-rec.html.html]
[www.w3.org/Fonts/Style/fontsbg.png]
[www.w3.org/Fonts/WG/index.html]
[www.w3.org/TR/2018/REC-WOFF2-20180301/index.html]
[www.w3.org/blog/news/archives/6852.html]
[www.w3.org/webperf/index.html]
[www.w3.org/blog/news/archives/6850.html]
[www.w3.org/TR/2018/CR-hr-time-2-20180301/index.html]
[www.w3.org/AudioVideo/TT/index.html]
[www.w3.org/TR/2018/PR-ttml-imsc1.0.1-20180227/index.html]
[www.w3.org/blog/news/archives/6840.html]
[w3c.github.io/alreq/homepage/index.html]
[www.w3.org/TR/2018/WD-alreq-20180222/index.html]
[github.com/w3c/alreq/issues.html]
[www.w3.org/blog/news/archives/6838.html]
[www.w3.org/wasm/index.html]
[www.w3.org/TR/2018/WD-wasm-js-api-1-20180215/index.html]
[www.w3.org/blog/news/archives/6835.html]
[www.w3.org/TR/2018/WD-wasm-web-api-1-20180215/index.html]
[www.w3.org/blog/wp-content/uploads/2018/02/odrl-model-simplified-small.png]
[www.w3.org/blog/2018/02/odrl-a-path-well-travelled/index.html]
[www.w3.org/TR/2018/WD-wasm-core-1-20180215/index.html]
[www.w3.org/blog/news/archives/6833.html]
[www.w3.org/TR/2018/REC-odrl-model-20180215/index.html]
[www.w3.org/TR/2018/REC-odrl-vocab-20180215/index.html]
[www.w3.org/auto/wg/index.html]
[www.w3.org/TR/2018/CR-vehicle-information-service-20180213/index.html]
[www.w3.org/blog/news/archives/6823.html]
[medium.com/jefferson-w3c-collaboration.html]
[cdn-images-1.medium.com/max/947/1_V95h-9pER3fjmmwQS3rQTA.jpg]
[medium.com/jefferson-w3c-collaboration/announcing-the-jefferson-w3c-specification-collaboration-fd6080b6de89.html]
[www.w3.org/wiki/SpecProd/Restyle/Content.html]
[www.w3.org/blog/news/feed]
[www.w3.org/2008/site/images/icons/rss30.png]
[www.w3.org/2008/site/images/icons/atom30.png]
[www.w3.org/2008/site/images/header-link-2.gif]
[www.w3.org/People/shadi/index.html]
[www.w3.org/blog/talks/event/harmonized-accessibility-testing-for-wcag/index.html]
[www.w3.org/blog/talks/event/international-uptake-of-wcag-2-0-and-wcag-2-1-including-in-europe-and-china/index.html]
[www.w3.org/participate/eventscal.html]
[www.w3.org/blog/talks/event/mobile-accessibility-in-wcag-2-1-and-beyond/index.html]
[techforum.booknetcanada.ca/location/index.html]
[www.w3.org/blog/talks/event/publishingw3c-talk-at-ebookcraft-toronto-22-march-2018/index.html]
[www.w3.org/blog/talks/event/web-accessibility-looking-into-the-future/index.html]
[www.w3.org/blog/talks/venue/funka-days/index.html]
[github.com/w3c/WebPlatformWG/blob/gh-pages/meetings/18-03-Web-components.html]
[www.w3.org/blog/talks/event/accessibility-future-proofing-your-web-content/index.html]
[www.w3.org/WoT/IG/wiki/F2F_meeting,_24-29_March_2018,_Prague,_Czech_Republic.html]
[techforum.booknetcanada.ca/index.html]
[www.w3.org/blog/talks/venue/stc-summit/index.html]
[wiki.csswg.org/planning/berlin-2018.html]
[www.w3.org/2018/vocabws/index.html]
[www.w3.org/Consortium/mission-2.html]
[www.w3.org/Consortium/cepc/index.html]
[www.w3.org/Status.html]
[www.w3.org/support/index.html]
[github.com/w3c/webpayments/wiki/FTF-April2018.html]
[www2018.thewebconf.org/index.html]
[www.w3.org/Consortium/Recruitment/index.html]
[www.w3.org/WAI/videos/standards-and-benefits.html]
[validator.w3.org/index.html]
[www.w3.org/blog/wp-content/uploads/2017/12/still.fc.delayed]
[www.w3.org/blog/2018/03/woff-2-0-the-inside-scoop/index.html]
[www.w3.org/blog/2018/02/accessibility-review-of-2017-and-outlook-for-2018/index.html]
[www.w3.org/2009/cheatsheet/index.html]
[vimeo.com/w3c/buildstandards.fd.delayed]
[vimeo.com/w3c/buildstandards.fe.delayed]
[www.w3.org/2014/10/stdvidthumb.png]
[vimeo.com/110256895.html]
[www.w3.org/Consortium/Member/Testimonial/Logo/1506.png]
[www.w3.org/Consortium/Member/Testimonial/index.html]
[www.w3.org/Consortium/contact.html]
[www.igalia.com/index.html]
[www.w3.org/Consortium/siteindex-2.html]
[www.w3.org/Consortium/sponsor/index.html]
[twitter.com/W3C.html]
[www.w3.org/Consortium/Legal/2002/ipr-notice-20021231.html]
[ev.buaa.edu.cn/index.html]
[www.w3.org/index.html]
[www.w3.org/2008/site/js/main]
[www.w3.org/TR/html5/styles/styles-html.css]
[www.w3.org/StyleSheets/TR/2016/W3C-REC.css]
[w3c.github.io/test-results/html52/implementation-report.html]
[w3c.github.io/html/index.html]
[www.w3.org/TR/html/index.html]
[www.w3.org/TR/2017/PR-html52-20171102/index.html]
[www.w3.org/TR/2017/REC-html52-20171214/index.html]
[github.com/login9130.html]
[github.com/w3c/html/issues.html]
[github.com/w3c/html/labels/errata.112.delayed]
[www.w3.org/Consortium/Translation/index.html]
[www.w3.org/Consortium/Legal/2015/doc-license.html]
[www.w3.org/2004/01/pp-impl/83482/status.html]
[www.w3.org/2017/Process-20170301/index.html]
[www.w3.org/TR/html5/introduction.html]
[www.w3.org/TR/html5/single-page.html]
[www.w3.org/TR/html5/infrastructure.html]
[www.w3.org/TR/html5/dom.html]
[www.w3.org/TR/html5/semantics.html]
[www.w3.org/TR/html5/document-metadata.html]
[www.w3.org/TR/html5/sections.html]
[www.w3.org/TR/html5/grouping-content.html]
[www.w3.org/TR/html5/textlevel-semantics.html]
[www.w3.org/TR/html5/edits.html]
[www.w3.org/TR/html5/semantics-embedded-content.html]
[www.w3.org/TR/html5/links.html]
[www.w3.org/TR/html5/tabular-data.html]
[www.w3.org/TR/html5/sec-forms.html]
[www.w3.org/TR/html5/interactive-elements.html]
[www.w3.org/TR/html5/semantics-scripting.html]
[www.w3.org/TR/html5/common-idioms-without-dedicated-elements.html]
[www.w3.org/TR/html5/disabled-elements.html]
[www.w3.org/TR/html5/matching-html-elements-using-selectors.html]
[www.w3.org/TR/html5/editing.html]
[www.w3.org/TR/html5/browsers.html]
[www.w3.org/TR/html5/webappapis.html]
[www.w3.org/TR/html5/syntax.html]
[www.w3.org/TR/html5/xhtml.html]
[www.w3.org/TR/html5/rendering.html]
[www.w3.org/TR/html5/obsolete.html]
[www.w3.org/TR/html5/iana.html]
[www.w3.org/TR/html5/fullindex.html]
[www.w3.org/TR/html5/property-index.html]
[www.w3.org/TR/html5/idl-index.html]
[www.w3.org/TR/html5/references.html]
[www.w3.org/TR/html5/changes.html]
[www.w3.org/scripts/TR/2016/fixup.js]
[www.w3.org/TR/html5/index.html]
[www.w3.org/TR/html5/acknowledgements.html]
[www.w3.org/TR/2002/REC-xhtml1-20020801/index.html]
[www.w3.org/TR/xhtml1/xhtml1-diff.html]
[www.w3.org/TR/2000/REC-xhtml1-20000126/index.html]
[www.w3.org/2002/08/REC-xhtml1-20020801-errata/index.html]
[www.w3.org/MarkUp/translations.html]
[www.w3.org/TR/xhtml1/Cover.html]
[www.w3.org/TR/xhtml1/xhtml1.ps]
[www.w3.org/TR/xhtml1/xhtml1.pdf]
[www.w3.org/TR/xhtml1/xhtml1.zip]
[www.w3.org/TR/xhtml1/xhtml1.gzip]
[www.w3.org/Consortium/Legal/ipr-notice-20000612.html]
[www.w3.org/Consortium/Legal/copyright-documents-19990405.html]
[www.w3.org/Consortium/Legal/copyright-software-19980720.html]
[www.w3.org/html/Activity.html]
[www.w3.org/MarkUp/2000/Charter.html]
[www.w3.org/2002/07/HTML-IPR.html]
[www.w3.org/TR/REC-DOM-Level-1/level-one-core.html]
[www.w3.org/TR/REC-xml/index.html]
[www.w3.org/TR/xhtml1/Overview.html]
[www.w3.org/TR/xhtml1/DTD/xhtml1-strict.dtd]
[www.w3.org/TR/xhtml1/dtds.html]
[www.w3.org/TR/xhtml1/DTD/xhtml1-transitional.dtd]
[www.w3.org/TR/xhtml1/DTD/xhtml1-frameset.dtd]
[www.w3.org/TR/xhtml1/DTD/xhtml-lat1.ent]
[www.w3.org/TR/xhtml1/DTD/xhtml-special.ent]
[www.w3.org/TR/xhtml1/DTD/xhtml-symbol.ent]
[www.w3.org/TR/html4/types.html]
[www.w3.org/TR/1998/REC-CSS2-19980512/index.html]
[www.w3.org/TR/REC-CSS2/index.html]
[www.w3.org/TR/1998/REC-DOM-Level-1-19981001/index.html]
[www.w3.org/TR/REC-DOM-Level-1/index.html]
[www.w3.org/TR/2000/REC-DOM-Level-2-Core-20001113/index.html]
[www.w3.org/TR/DOM-Level-2-Core/index.html]
[www.w3.org/TR/1999/REC-html401-19991224/index.html]
[www.ietf.org/rfc/rfc2045.txt]
[www.w3.org/TR/html401/index.html]
[www.ietf.org/rfc/rfc2119.txt]
[www.ietf.org/rfc/rfc2376.txt]
[www.ietf.org/rfc/rfc2854.txt]
[www.ietf.org/rfc/rfc2046.txt]
[www.ietf.org/rfc/rfc2396.txt]
[www.ietf.org/rfc/rfc3066.txt]
[www.ietf.org/rfc/rfc3236.txt]
[www.ietf.org/rfc/rfc3023.txt]
[www.w3.org/TR/2002/NOTE-xhtml-media-types-20020801/index.html]
[www.w3.org/TR/xhtml-media-types/index.html]
[www.w3.org/TR/2001/REC-xhtml-modularization-20010410/index.html]
[www.w3.org/TR/2000/REC-xml-20001006.html]
[www.w3.org/TR/1999/REC-xml-names-19990114/index.html]
[www.w3.org/TR/2001/REC-xml-c14n-20010315.html]
[www.w3.org/WAI/WCAG1AAA-Conformance.html]
[www.w3.org/TR/xml-c14n/index.html]
[www.w3.org/WAI/wcag1AAA.png]
[www.w3.org/scripts/TR/fixup.js]
[www.w3.org/TR/xhtml1/index.html]
[www.w3.org/2001/XMLSchema.html]
[www.w3.org/TR/xhtml-modularization/xhtml.css]
[www.w3.org/TR/xhtml-modularization/introduction.html]
[www.w3.org/TR/2010/REC-xhtml-modularization-20100729/index.html]
[www.w3.org/TR/2010/PER-xhtml-modularization-20100414/index.html]
[blog.halindrome.com/index.html]
[www.aptest.com/index.html]
[www.w3.org/People/mimasa/index.html]
[www.w3.org/TR/xhtml-modularization/xhtml-modularization.ps]
[www.w3.org/TR/xhtml-modularization/xhtml-modularization-diff.html]
[www.w3.org/MarkUp/2008/REC-xhtml-modularization-20081008-errata/index.html]
[www.w3.org/TR/xhtml-modularization/xhtml-modularization.pdf]
[www.w3.org/TR/xhtml-modularization/xhtml-modularization.zip]
[www.w3.org/TR/xhtml-modularization/xhtml-modularization.html]
[www.w3.org/TR/xhtml-modularization/xhtml-modularization.gzip]
[www.w3.org/2003/03/Translations/byTechnology091f.html]
[www.w3.org/TR/2008/REC-xhtml-modularization-20081008/index.html]
[www.w3.org/MarkUp/2008/xhtml-m12n-11-implementation.html]
[www.w3.org/MarkUp/2009/xhtml-modularization-2e-doc-20090930.html]
[www.w3.org/2007/03/XHTML2-WG-charter.html]
[www.w3.org/MarkUp/index.html]
[www.w3.org/2004/01/pp-impl/32107/status.html]
[www.w3.org/Consortium/Patent-Policy-20040205/index.html]
[www.w3.org/TR/xhtml-modularization/terms.html]
[www.w3.org/TR/xhtml-modularization/conformance.html]
[www.w3.org/TR/xhtml-modularization/abstraction.html]
[www.w3.org/TR/xhtml-modularization/abstract_modules.html]
[www.w3.org/TR/xhtml-modularization/schema_module_rules.html]
[www.w3.org/TR/xhtml-modularization/schema_developing.html]
[www.w3.org/TR/xhtml-modularization/schema_module_defs.html]
[www.w3.org/TR/xhtml-modularization/dtd_module_rules.html]
[www.w3.org/TR/xhtml-modularization/dtd_developing.html]
[www.w3.org/TR/xhtml-modularization/dtd_module_defs.html]
[www.w3.org/TR/xhtml-modularization/references.html]
[www.w3.org/TR/xhtml-modularization/goals.html]
[www.w3.org/TR/xhtml-modularization/acknowledgements.html]
[www.w3.org/TR/xhtml-modularization/changes.html]
[www.w3.org/TR/xhtml-modularization/index.html]
[www.w3.org/TR/xhtml11/xhtml.css]
[www.w3.org/TR/xhtml11/introduction.html]
[www.w3.org/TR/2010/REC-xhtml11-20101123/index.html]
[www.w3.org/TR/xhtml11/xhtml11-diff.html]
[www.w3.org/TR/2010/PER-xhtml11-20101007/index.html]
[www.w3.org/TR/2001/REC-xhtml11-20010531/index.html]
[www.w3.org/TR/xhtml11/xhtml11-rec-diff.html]
[www.w3.org/MarkUp/2009/xhtml11-2nd-edition-errata.html]
[www.w3.org/2003/03/Translations/byTechnology5351.html]
[www.w3.org/TR/xhtml11/xhtml11.html]
[www.w3.org/TR/xhtml11/xhtml11.ps]
[www.w3.org/TR/xhtml11/xhtml11.pdf]
[www.w3.org/TR/xhtml11/xhtml11.zip]
[www.w3.org/TR/xhtml11/xhtml11.gzip]
[www.w3.org/TR/xhtml11/references.html]
[www.w3.org/TR/2002/NOTE-patent-practice-20020124.html]
[www.w3.org/2004/02/05-pp-transition.html]
[www.w3.org/TR/xhtml11/conformance.html]
[www.w3.org/TR/xhtml11/doctype.html]
[www.w3.org/TR/xhtml11/changes.html]
[www.w3.org/TR/xhtml11/xhtml11_dtd.html]
[www.w3.org/TR/xhtml11/xhtml11_schema.html]
[www.w3.org/TR/xhtml11/acknowledgements.html]
[www.w3.org/TR/xhtml11/index.html]
[www.w3.org/TR/xhtml-basic/xhtml-basic.css]
[www.w3.org/TR/2010/REC-xhtml-basic-20101123/index.html]
[www.w3.org/TR/xhtml-basic/xhtml-basic-diff.html]
[www.w3.org/TR/2010/PER-xhtml-basic-20101007/index.html]
[www.w3.org/TR/2008/REC-xhtml-basic-20080729/index.html]
[www.w3.org/TR/xhtml-basic/xhtml-basic-rec-diff.html]
[www.w3.org/MarkUp/2010/xhtml-basic-2nd-edition-errata.html]
[www.w3.org/2003/03/Translations/byTechnology9adb.html]
[www.w3.org/TR/xhtml-basic/xhtml-basic.ps]
[www.w3.org/TR/xhtml-basic/xhtml-basic.pdf]
[www.w3.org/TR/xhtml-basic/xhtml-basic.zip]
[www.w3.org/TR/xhtml-basic/xhtml-basic.gzip]
[www.w3.org/MarkUp/2008/xhtml-basic-11-implementation.html]
[www.w3.org/TR/1999/WAI-WEBCONTENT-19990505/index.html]
[www.daisy.org/index.html]
[www.w3.org/TR/html4/index.html]
[www.w3.org/TR/2006/REC-xml-20060816/index.html]
[www.w3.org/TR/2004/REC-xmlschema-2-20041028/index.html]
[www.w3.org/TR/1998/NOTE-compactHTML-19980209/index.html]
[www.w3.org/TR/2004/REC-xmlschema-1-20041028/index.html]
[www.w3.org/TR/1999/NOTE-html40-mobile-19990315/index.html]
[www.w3.org/TR/NOTE-html40-mobile/index.html]
[www.w3.org/TR/mobile-bp/index.html]
[www.w3.org/TR/2008/REC-mobile-bp-20080729/index.html]
[www.unicode.org/unicode/reports/tr24/index.html]
[www.w3.org/TR/WCAG10/index.html]
[www.openmobilealliance.org/wp/Affiliates.html]
[www.w3.org/TR/2007/REC-xforms-20071029/index.html]
[www.w3.org/TR/2009/NOTE-xhtml-media-types-20090116/index.html]
[www.w3.org/TR/xhtml-basic/xhtml-basic11.cat]
[www.w3.org/MarkUp/DTD/xhtml-basic11.cat]
[www.w3.org/TR/xforms/index.html]
[www.w3.org/TR/xhtml-basic/xhtml-basic11.dtd]
[www.w3.org/MarkUp/DTD/xhtml-basic11.dtd]
[www.w3.org/MarkUp/DTD/xhtml-basic11-model-1.mod]
[www.w3.org/MarkUp/DTD/xhtml-inputmode-1.mod]
[www.w3.org/TR/xhtml-basic/index.html]
[www.w3.org/TR/2010/REC-xhtml-print-20101123/index.html]
[www.w3.org/TR/xhtml-print/xhtml-print-diff.html]
[www.w3.org/TR/2010/PER-xhtml-print-20101007/index.html]
[www.w3.org/TR/xhtml-print/xhtml-print-rec-diff.html]
[www.w3.org/TR/2006/REC-xhtml-print-20060920/index.html]
[www.w3.org/MarkUp/2010/xhtml-print-2nd-edition-errata.html]
[www.w3.org/2003/03/Translations/byTechnologya1e1.html]
[www.w3.org/TR/xhtml-print/xhtml-print.ps]
[www.w3.org/TR/xhtml-print/xhtml-print.pdf]
[www.w3.org/TR/xhtml-print/xhtml-print.zip]
[www.w3.org/TR/xhtml-print/xhtml-print.gzip]
[www.w3.org/MarkUp/2006/xhtml-print-pr-doc.html]
[www.w3.org/TR/2006/PR-xhtml-print-20060131/index.html]
[www.w3.org/TR/2001/REC-xhtml-modularization-20010410/conformance.html]
[www.w3.org/MarkUp/Test/xhtml-print/implementation/index.html]
[www.w3.org/TR/2001/REC-xhtml-modularization-20010410/abstraction.html]
[www.w3.org/TR/xhtml-print/formsUsageModel.jpg]
[www.w3.org/TR/html401/interact/forms.html]
[www.w3.org/TR/xhtml-print/DTD/xhtml-print10.dtd]
[www.w3.org/TR/xhtml-print/SCHEMA/xhtml-print-1.xsd]
[www.w3.org/TR/xhtml-print/SCHEMA/xhtml-print-model-1.xsd]
[www.w3.org/TR/xhtml-print/SCHEMA/xhtml-print-modules-1.xsd]
[www.w3.org/TR/2005/REC-charmod-20050215/index.html]
[www.w3.org/TR/charmod/index.html]
[www.iso.org/search.html]
[www.ietf.org/rfc/rfc3986.txt]
[www.ietf.org/rfc/rfc3391.txt]
[www.ietf.org/rfc/rfc2392.txt]
[www.ietf.org/rfc/rfc2616.txt]
[www.w3.org/TR/2004/CR-css-print-20040225/index.html]
[www.ietf.org/rfc/rfc2397.txt]
[www.w3.org/TR/css-print/index.html]
[www.ietf.org/rfc/rfc2557.txt]
[www.w3.org/TR/xhtml-print/index.html]
[www.w3.org/TR/2000/REC-xhtml-basic-20001219/index.html]
[www.w3.org/TR/2008/REC-rdfa-syntax-20081014/index.html]
[www.w3.org/TR/2008/PR-rdfa-syntax-20080904/index.html]
[www.w3.org/TR/rdfa-syntax/rdfa-syntax-diff.html]
[www.w3.org/MarkUp/2008/REC-rdfa-syntax-20081014-errata/index.html]
[www.w3.org/TR/rdfa-syntax/rdfa-syntax.ps]
[www.w3.org/TR/rdfa-syntax/rdfa-syntax.pdf]
[www.w3.org/TR/rdfa-syntax/rdfa-syntax.zip]
[www.w3.org/TR/rdfa-syntax/rdfa-syntax.gzip]
[www.w3.org/2004/01/pp-impl/39408/status.html]
[www.w3.org/TR/xhtml-rdfa-primer/index.html]
[www.w3.org/2006/07/SWD/RDFa/implementation-report/index.html]
[www.w3.org/2006/07/SWD/index.html]
[rdfa.info/rdfa-implementations/index.html]
[www.w3.org/2001/sw/index.html]
[www.w3.org/MarkUp/DTD/xhtml-metaAttributes-1.mod]
[www.w3.org/MarkUp/DTD/xhtml-rdfa-model-1.mod]
[www.w3.org/TR/rdfa-syntax/DTD/xhtml-rdfa-1.dtd]
[www.w3.org/MarkUp/DTD/xhtml-rdfa-1.dtd]
[www.w3.org/TR/rdfa-syntax/DTD/xhtml-rdfa.cat]
[www.w3.org/MarkUp/DTD/xhtml-rdfa.cat]
[www.w3.org/MarkUp/DTD/xhtml-datatypes-1.mod]
[www.w3.org/MarkUp/SCHEMA/xhtml-datatypes-1.xsd]
[www.ietf.org/rfc/rfc3987.txt]
[www.rfc-editor.org/rfc/rfc2119.txt]
[www.w3.org/TR/2001/REC-ruby-20010531/index.html]
[www.w3.org/TR/2001/REC-xmlbase-20010627/index.html]
[www.w3.org/TR/2004/REC-xml-20040204/index.html]
[www.w3.org/TR/2002/REC-P3P-20020416/index.html]
[www.oasis-open.org/specs/a401.html]
[dublincore.org/index.html]
[www.w3.org/TR/2007/REC-grddl-20070911/index.html]
[www.w3.org/2001/sw/BestPractices/HTML/index.html]
[www.w3.org/TR/rdf-syntax-grammar/index.html]
[www.w3.org/TeamSubmission/turtle/index.html]
[www.w3.org/TR/rdf-primer/index.html]
[www.w3.org/1999/xhtml/vocab.html]
[www.w3.org/TR/rdfa-syntax/index.html]
[www.w3.org/TR/html51/styles/styles-html.css]
[www.w3.org/TR/2017/REC-html51-20171003/index.html]
[www.w3.org/TR/2017/PR-html51-20170803/index.html]
[www.w3.org/TR/html51/changes.html]
[github.com/w3c/html.html]
[www.w3.org/TR/html51/single-page.html]
[w3c.github.io/test-results/html51/implementation-report.html]
[www.w3.org/TR/html51/introduction.html]
[www.w3.org/TR/html51/infrastructure.html]
[www.w3.org/TR/html51/dom.html]
[www.w3.org/TR/html51/semantics.html]
[rawgit.com/w3c/html/html5.1-2/single-page.html]
[www.w3.org/TR/html51/document-metadata.html]
[www.w3.org/TR/html51/sections.html]
[www.w3.org/TR/html51/grouping-content.html]
[www.w3.org/TR/html51/textlevel-semantics.html]
[www.w3.org/TR/html51/edits.html]
[www.w3.org/TR/html51/semantics-embedded-content.html]
[www.w3.org/TR/html51/links.html]
[www.w3.org/TR/html51/tabular-data.html]
[www.w3.org/TR/html51/sec-forms.html]
[www.w3.org/TR/html51/interactive-elements.html]
[www.w3.org/TR/html51/semantics-scripting.html]
[www.w3.org/TR/html51/common-idioms-without-dedicated-elements.html]
[www.w3.org/TR/html51/disabled-elements.html]
[www.w3.org/TR/html51/editing.html]
[www.w3.org/TR/html51/matching-html-elements-using-selectors.html]
[www.w3.org/TR/html51/browsers.html]
[www.w3.org/TR/html51/webappapis.html]
[www.w3.org/TR/html51/syntax.html]
[www.w3.org/TR/html51/xhtml.html]
[www.w3.org/TR/html51/rendering.html]
[www.w3.org/TR/html51/obsolete.html]
[www.w3.org/TR/html51/iana.html]
[www.w3.org/TR/html51/fullindex.html]
[www.w3.org/TR/html51/idl-index.html]
[www.w3.org/TR/html51/index.html]
[www.w3.org/TR/html51/references.html]
[www.w3.org/TR/html52/styles/styles-html.css]
[www.w3.org/TR/html51/acknowledgements.html]
[www.w3.org/TR/html52/introduction.html]
[www.w3.org/TR/html52/single-page.html]
[www.w3.org/TR/html52/infrastructure.html]
[www.w3.org/TR/html52/dom.html]
[www.w3.org/TR/html52/semantics.html]
[www.w3.org/TR/html52/document-metadata.html]
[www.w3.org/TR/html52/sections.html]
[www.w3.org/TR/html52/grouping-content.html]
[www.w3.org/TR/html52/textlevel-semantics.html]
[www.w3.org/TR/html52/edits.html]
[www.w3.org/TR/html52/semantics-embedded-content.html]
[www.w3.org/TR/html52/links.html]
[www.w3.org/TR/html52/tabular-data.html]
[www.w3.org/TR/html52/sec-forms.html]
[www.w3.org/TR/html52/interactive-elements.html]
[www.w3.org/TR/html52/common-idioms-without-dedicated-elements.html]
[www.w3.org/TR/html52/semantics-scripting.html]
[www.w3.org/TR/html52/disabled-elements.html]
[www.w3.org/TR/html52/matching-html-elements-using-selectors.html]
[www.w3.org/TR/html52/editing.html]
[www.w3.org/TR/html52/browsers.html]
[www.w3.org/TR/html52/webappapis.html]
[www.w3.org/TR/html52/syntax.html]
[www.w3.org/TR/html52/xhtml.html]
[www.w3.org/TR/html52/rendering.html]
[www.w3.org/TR/html52/obsolete.html]
[www.w3.org/TR/html52/iana.html]
[www.w3.org/TR/html52/fullindex.html]
[www.w3.org/TR/html52/property-index.html]
[www.w3.org/TR/html52/idl-index.html]
[www.w3.org/TR/html52/references.html]
[www.w3.org/TR/html52/changes.html]
[www.w3.org/TR/html52/index.html]
[www.w3.org/TR/html52/acknowledgements.html]
[www.w3.org/WebPlatform/WG/css/main.css]
[www.w3.org/WebPlatform/WG/js/newsfeed.js]
[www.w3.org/WebPlatform/WG/PubStatus.html]
[labs.w3.org/unitas/index3e47.html]
[www.w3.org/2000/09/dbwg/details4974.html]
[github.com/w3c/WebPlatformWG.html]
[github.com/w3c/WebPlatformWG/blob/gh-pages/WorkMode.html]
[github.com/w3c/WebPlatformWG/blob/gh-pages/Meetings.html]
[www.w3.org/2017/08/webplatform-charter.html]
[www.w3.org/2017/04/03-serviceworkers-minutes.html]
[www.w3.org/sw/index.html]
[www.w3.org/2017/04/04-serviceworkers-minutes.html]
[www.w3.org/2017/03/28-html-minutes.html]
[www.w3.org/2017/03/29-html-minutes.html]
[www.w3.org/2017/03/30-html-minutes.html]
[github.com/w3c/WebPlatformWG/index.html]
[www.w3.org/Consortium/Legal/privacy-statement-20140324.html]
[www.w3.org/WebPlatform/WG/index.html]
[www.w3.org/XML/2009/xml-names-errata.html]
[www.w3.org/TR/2009/REC-xml-names-20091208/index.html]
[www.w3.org/TR/xml-names/index.html]
[www.w3.org/2003/03/Translations/byTechnologyd466.html]
[www.w3.org/TR/2009/PER-xml-names-20090806/index.html]
[www.w3.org/TR/2006/REC-xml-names-20060816/index.html]
[www.w3.org/TR/2009/REC-xml-names-20091208/xml-names-10-3e.xml]
[www.w3.org/TR/2009/REC-xml-names-20091208/xml-names-10-3e-diff.html]
[www.w3.org/XML/Activity.html]
[www.w3.org/XML/Core/index.html]
[www.w3.org/XML/2002/12/xml-names11-implementation.html]
[www.w3.org/2002/08/xmlcore-IPR-statements.html]
[www.w3.org/XML/Test/index.html]
[www.rfc-editor.org/rfc/rfc2141.txt]
[www.w3.org/XML/2006/xml-names-errata.html]
[www.rfc-editor.org/rfc/rfc3629.txt]
[www.w3.org/2000/09/xppa.html]
[www.w3.org/TR/REC-xml-names/index.html]
[www.w3.org/2000/svg.html]
[rbista.com/zwin/html/fonts/icomoon/icomoon.svg]
[www.rfc-editor.org/rfc/rfc3986.txt]
[rbista.com/zwin/html/images/header-shadow.png]
[s.ytimg.com/yts/imgbin/www-hitchhiker-vflpz4mR8.png]
[rbista.com/zwin/html/fonts/icomoon/icomoon.ttf]
[www.youtube.com/yts/cssbin/www-core-vflOyTMGj.css]
[rbista.com/zwin/html/images/prettyPhoto/dark_rounded/contentPattern.png]
[www.youtube.com/yts/cssbin/player-vflUq7Z-t/www-player.css]
[www.youtube.com/yts/cssbin/www-pageframe-vflBE-miK.css]
[yt3.ggpht.com/-_P5WjlpnSsY/AAAAAAAAAAI/AAAAAAAAAAA/cn98tmmSuc8/s88-c-k-no-mo-rj-c0xffffff/photo.jpg]
[accounts.google.com/ServiceLogin606b.html]
[accounts.google.com/ServiceLogine2ef.html]
[accounts.google.com/ServiceLogin7c4b.html]
[www.youtube.com/watch956f.html]
[accounts.google.com/ServiceLoginc06f.html]
[accounts.google.com/ServiceLoginaa66.html]
[accounts.google.com/ServiceLogin7f4b.html]
[accounts.google.com/ServiceLogin008f.html]
[www.youtube.com/watchcffd.html]
[www.youtube.com/android-app_/com.google.android.youtube/http/www.youtube.com/watchfb66.html]
[www.youtube.com/ios-app_/544007664/vnd.youtube/www.youtube.com/watchfb66.html]
[fonts.gstatic.com/s/roboto/v18/zN7GBFwfMP4uA6AR0HCoLQ.ttf]
[accounts.google.com/ServiceLogin5619.html]
[accounts.google.com/ServiceLoginae9b.html]
[plus.google.com/115229808208707341778.html]
[www.youtube.com/feed/trending4253.html]
[www.youtube.com/feed/trending.html]
[www.youtube.com/channel/UC-9-kyTW8ZkZNDHQJ6FgpwQ.html]
[www.youtube.com/channel/UCEgdi0XIXXZ-qJOFPf4JSKw.html]
[www.youtube.com/channel/UCOpNcN46UbXVtpKMrmU4Abg.html]
[www.youtube.com/channel/UCYfdidRxbB8Qhf0Nx7ioOYw.html]
[www.youtube.com/channel/UC4R8DWoMoI7CAwX8_LjQHig.html]
[www.youtube.com/channel/UCzuqhhs6NWbgTzMuM09WKDQ.html]
[www.youtube.com/feed/guide_builder.html]
[accounts.google.com/ServiceLogin20e1.html]
[www.youtube.com/watch56f6.html]
[i.ytimg.com/vi/kLpH1nSLJSs/hqdefaultfecf.jpg]
[www.youtube.com/watch8dee.html]
[www.youtube.com/channel/UCmBA_wu8xGg1OfOkfW13Q0Q.html]
[www.youtube.com/watch6a7a.html]
[i.ytimg.com/vi/oKJfLErNC1o/hqdefault5d66.jpg]
[www.youtube.com/channel/UCUo2iJ5BVLQfwFNtY8I4E2Q.html]
[www.youtube.com/watch0a4b.html]
[i.ytimg.com/vi/EAALvaKw4hU/hqdefaultff91.jpg]
[www.youtube.com/channel/UCPdMo4auXNg5mVtkJ_LbP8g.html]
[www.youtube.com/watch3e3b.html]
[i.ytimg.com/vi/_I_D_8Z4sJE/hqdefault46bf.jpg]
[www.youtube.com/user/NickyJamTV.html]
[www.youtube.com/watch22db.html]
[i.ytimg.com/vi/EedPfUeBf2A/hqdefault31bc.jpg]
[www.youtube.com/channel/UCf-Szc6YLd8rMnMXGThznFg.html]
[www.youtube.com/watchf928.html]
[i.ytimg.com/vi/BQ31l1gPGKM/hqdefault2ee4.jpg]
[www.youtube.com/user/jbalvinVEVO.html]
[www.youtube.com/watch6cef.html]
[www.youtube.com/user/RomeoSantosVEVO.html]
[www.youtube.com/watchee11.html]
[www.youtube.com/channel/UCjpf62osVoXP_dcd7FHan1Q.html]
[www.youtube.com/watch3333.html]
[www.youtube.com/user/PinaRecordsVideos.html]
[www.youtube.com/watchbe18.html]
[www.youtube.com/user/reikVEVO.html]
[www.youtube.com/watchd95a.html]
[www.youtube.com/channel/UCVDE0vZZBDFIzJ-EAbTviBQ.html]
[www.youtube.com/watch3062.html]
[www.youtube.com/user/Swthedeath1.html]
[www.youtube.com/watch079a.html]
[www.youtube.com/user/KarolGVEVO.html]
[www.youtube.com/watchfcd1.html]
[www.youtube.com/channel/UCju1vMbirSfO9d-j6kYFZBg.html]
[www.youtube.com/watch712e.html]
[www.youtube.com/user/warnermusiclatina.html]
[yt3.ggpht.com/unnamed.jpg]
[www.youtube.com/channel/UCYYsyo5ekR-2Nw10s4mj3pQ.html]
[www.youtube.com/watch9d25.html]
[i.ytimg.com/vi/sGIm0-dQd8M/hqdefaultd4fd.jpg]
[www.youtube.com/watch3e95.html]
[www.youtube.com/user/DaddyYankeeOFFTV.html]
[www.youtube.com/watchf21b.html]
[i.ytimg.com/vi/KZK-WwLsdbw/hqdefault0e33.jpg]
[www.youtube.com/channel/UCLhFWep7Bf4bwB8Blhq9vnw.html]
[www.youtube.com/watch653f.html]
[i.ytimg.com/vi/a5fHoAx12DY/hqdefaulta8d2.jpg]
[www.youtube.com/user/DreadMarIOficial.html]
[www.youtube.com/watche145.html]
[i.ytimg.com/vi/mTYgvbOWRL4/hqdefaultb464.jpg]
[www.youtube.com/channel/UCp6Fg0-6loN2h6PKeGteggA.html]
[i.ytimg.com/vi/GmHrjFIWl6U/hqdefault7a78.jpg]
[www.youtube.com/watchc590.html]
[www.youtube.com/user/MalumaVEVO.html]
[www.youtube.com/watch39d7.html]
[i.ytimg.com/vi/p8i9gvA6gB4/hqdefaultbad5.jpg]
[www.youtube.com/channel/UCkQsKW5cJiullfgKc-CoH1w.html]
[www.youtube.com/watch0eb9.html]
[www.youtube.com/user/JuanGabrielVEVO.html]
[www.youtube.com/watch2d5b.html]
[www.youtube.com/watch3397.html]
[www.youtube.com/user/CarlosGuerreroMusica.html]
[www.youtube.com/watchc811.html]
[www.youtube.com/user/Elgrupo5cyq.html]
[www.youtube.com/watch2442.html]
[www.youtube.com/channel/UCTWmfOnrXC5htdwdL_ZG6IQ.html]
[www.youtube.com/watchb6ec.html]
[www.youtube.com/user/marcanthonyVEVO.html]
[www.youtube.com/watche121.html]
[www.youtube.com/user/1000pevey.html]
[www.youtube.com/watch82cd.html]
[www.youtube.com/channel/UCqN3k9cW4S7ekgcrKxyg14Q.html]
[www.youtube.com/watche512.html]
[www.youtube.com/channel/UCj7HcthSwgxMF7HVS1x_DUg.html]
[yt3.ggpht.com/unnamed-2.jpg]
[www.youtube.com/playlist2034.html]
[www.youtube.com/watchdfc3.html]
[i.ytimg.com/vi/TyHvyGVs42U/hqdefault211d.jpg]
[www.youtube.com/watchd623.html]
[www.youtube.com/user/LuisFonsiVEVO.html]
[www.youtube.com/watch813c.html]
[i.ytimg.com/vi/t_shSXXV91w/hqdefault1fe9.jpg]
[www.youtube.com/channel/UCbGxDgCTFR58n3zmvJibhcw.html]
[i.ytimg.com/vi/j-sz8M8gc6U/hqdefaulta29e.jpg]
[www.youtube.com/watchfc66.html]
[www.youtube.com/channel/UCz2SUbUr2k0T3nEmutgsPjg.html]
[i.ytimg.com/vi/wfWkmURBNv8/hqdefault1e3c.jpg]
[www.youtube.com/watchcd64.html]
[www.youtube.com/channel/UCjIA3wwhi0QjSOXAZwOXbPA.html]
[i.ytimg.com/vi/y7d9VLRO3vc/hqdefaultd473.jpg]
[www.youtube.com/watch28c8.html]
[www.youtube.com/user/piso21music.html]
[i.ytimg.com/vi/RSRzIrOqaN4/hqdefaultf456.jpg]
[www.youtube.com/watch452e.html]
[www.youtube.com/watch7078.html]
[www.youtube.com/channel/UCoUM-UJ7rirJYP8CQ0EIaHA.html]
[www.youtube.com/watch629a.html]
[www.youtube.com/user/EnriqueIglesiasVEVO.html]
[www.youtube.com/watcha817.html]
[www.youtube.com/user/SebastianYatraVEVO.html]
[www.youtube.com/watch67de.html]
[www.youtube.com/channel/UC5Jn-9jqrVvKm9Hx0WW8Pgw.html]
[www.youtube.com/watch3637.html]
[www.youtube.com/user/CNCOVEVO.html]
[www.youtube.com/watch7929.html]
[www.youtube.com/user/wisinofficalVEVO.html]
[www.youtube.com/watch5b8d.html]
[www.youtube.com/user/shakiraVEVO.html]
[yt3.ggpht.com/unnamed-3.jpg]
[www.youtube.com/channel/UCj3qqnyfsQNAL0cZp0h-_Bg.html]
[www.youtube.com/watcha0a2.html]
[www.youtube.com/watch5ece.html]
[i.ytimg.com/vi/dKB6cxq9zg8/hqdefault0b7e.jpg]
[www.youtube.com/channel/UCGIRXku3u3N2Jou93ZSeQnw.html]
[www.youtube.com/watch7365.html]
[i.ytimg.com/vi/r-652AXf9SQ/hqdefaultb5d7.jpg]
[www.youtube.com/channel/UCSYrgT1FrF6zAkiTfFr2HcQ.html]
[www.youtube.com/watch01ad.html]
[i.ytimg.com/vi/IBLo3_0cwxk/hqdefaultaa5f.jpg]
[www.youtube.com/watchf660.html]
[i.ytimg.com/vi/wOZyvE8DsXE/hqdefault0072.jpg]
[www.youtube.com/channel/UCoRHV0LmC2rj-IBegMDaPIw.html]
[www.youtube.com/watchedc9.html]
[i.ytimg.com/vi/yXbCq9cp9QI/hqdefaultc598.jpg]
[www.youtube.com/channel/UC2xnZd8v6JeSqVkq_GeyTbQ.html]
[www.youtube.com/watch7e2d.html]
[i.ytimg.com/vi/5J3dBzbFRQo/hqdefaultdef2.jpg]
[www.youtube.com/channel/UC6WAuzxuO6ASwoDNkY5L6OA.html]
[www.youtube.com/watch8c8f.html]
[www.youtube.com/channel/UCdz2k-dtnA2Y2dWBKVIb-yQ.html]
[www.youtube.com/watch353d.html]
[www.youtube.com/channel/UChjJ88s4sItF7Bqv09imDnA.html]
[www.youtube.com/watche7fc.html]
[www.youtube.com/channel/UCMjsUoP1WaeY7l9vZxOuHWQ.html]
[www.youtube.com/playlistdab6.html]
[i.ytimg.com/vi/JNkTNAknE4I/hqdefaultdd8a.jpg]
[www.youtube.com/watch3067.html]
[www.youtube.com/watch0240.html]
[i.ytimg.com/vi/ia-2RmPxLjg/hqdefault4c0f.jpg]
[www.youtube.com/user/RicardoArjonaVEVO.html]
[i.ytimg.com/vi/VTzD0jNdrmo/hqdefault64eb.jpg]
[www.youtube.com/watch73a0.html]
[i.ytimg.com/vi/5sU5y9aMzB0/hqdefault53b2.jpg]
[www.youtube.com/user/RickyMartinVEVO.html]
[i.ytimg.com/vi/JyqD_zfXfi8/hqdefault7826.jpg]
[www.youtube.com/watchea29.html]
[i.ytimg.com/vi/AE5PqQ_6V5Y/hqdefault64c3.jpg]
[www.youtube.com/watch13dc.html]
[www.youtube.com/user/TheWeekndVEVO.html]
[www.youtube.com/watch4a55.html]
[www.youtube.com/user/ZoeVEVO.html]
[www.youtube.com/watch87a1.html]
[www.youtube.com/channel/UCSdYO0e1y9xW5-9WbrGkwpg.html]
[www.youtube.com/watcha9a9.html]
[www.youtube.com/watch5e69.html]
[www.youtube.com/channel/UCf9WY_e35w2UV3LDLKX2jQw.html]
[www.youtube.com/watchc982.html]
[www.youtube.com/user/MauyRickyVEVO.html]
[yt3.ggpht.com/unnamed-4.jpg]
[www.youtube.com/channel/UCtKIuEMDzPlUmPgdwBhiGcg.html]
[www.youtube.com/watchaa46.html]
[i.ytimg.com/vi/6C_s56iscpQ/hqdefault39a9.jpg]
[www.youtube.com/watchbe3c.html]
[www.youtube.com/user/ThaliaVEVO.html]
[www.youtube.com/watch2ea2.html]
[i.ytimg.com/vi/1IRrfqlQ_gw/hqdefaultb9f4.jpg]
[www.youtube.com/user/RadioStudio92.html]
[i.ytimg.com/vi/9KokD5_M4Es/hqdefault99b7.jpg]
[www.youtube.com/channel/UC98CmPiE34diYG0DhzkTCTA.html]
[www.youtube.com/watcha5ec.html]
[i.ytimg.com/vi/a7LxnPznhAE/hqdefault9d86.jpg]
[www.youtube.com/channel/UCsBCmH2KV45ZhEm77_ZDF8Q.html]
[www.youtube.com/watch8e84.html]
[i.ytimg.com/vi/Of_Eq_UWSl8/hqdefault137e.jpg]
[www.youtube.com/watch71b4.html]
[i.ytimg.com/vi/E7fPsAfD6Q8/hqdefaultfbe0.jpg]
[www.youtube.com/channel/UC0KfMfGqXZSVxXnIXDxpYIw.html]
[www.youtube.com/watch943c.html]
[www.youtube.com/channel/UCVRoligrclAPPSO9AXwmbEg.html]
[www.youtube.com/watchaad5.html]
[www.youtube.com/user/MyAnielo.html]
[yt3.ggpht.com/unnamed-5.jpg]
[www.youtube.com/channel/UC_qo8SpCCQ8m5zxoJDaqPbw.html]
[www.youtube.com/watch2fed.html]
[www.youtube.com/watchbbb8.html]
[www.youtube.com/user/shakiroulini.html]
[www.youtube.com/watch07b8.html]
[www.youtube.com/channel/UCKCVynqE16kbCtr808ZFj4Q.html]
[www.youtube.com/watchc5a8.html]
[www.youtube.com/user/WHATDAFAQSHOW.html]
[www.youtube.com/watch4da6.html]
[www.youtube.com/channel/UCS2jZSYtPn-KOvxbMc5x-Mg.html]
[www.youtube.com/watch6e47.html]
[www.youtube.com/channel/UC4avHdCOurqhhmswOvjMDkw.html]
[www.youtube.com/watch33c7.html]
[www.youtube.com/user/estoesguerraamerica.html]
[www.youtube.com/watch03f3.html]
[www.youtube.com/user/1007jt.html]
[www.youtube.com/watch9beb.html]
[www.youtube.com/channel/UC8Su3ZetnNOT9Rh5LZXQ9tA.html]
[www.youtube.com/watch6132.html]
[www.youtube.com/channel/UC9LOh6YSWbLajXTTnihHfMg.html]
[www.youtube.com/user/enchufetv.html]
[yt3.ggpht.com/-1Uc8ZtjK9c0/AAAAAAAAAAI/AAAAAAAAAAA/MTDasy3F4tk/s88-c-k-no-mo-rj-c0xffffff/photo.jpg]
[www.youtube.com/watchb09b.html]
[www.youtube.com/watchba3e.html]
[www.youtube.com/watch12bc.html]
[www.youtube.com/watch958f.html]
[www.youtube.com/watch6b4e.html]
[www.youtube.com/watch37e4.html]
[www.youtube.com/watchb948.html]
[www.youtube.com/index.html]
[accounts.google.com/ServiceLogin5692.html]
[fonts.gstatic.com/s/opensans/v15/DXI1ORHCpsQm3Vp6mXoaTYnF5uFdDttMLvmWuJdhhgs.ttf]
[fonts.gstatic.com/s/opensans/v15/cJZKeOuBrn4kERxqtaUH3aCWcynf_cDxXwCLxiixG1c.ttf]
[ssl.gstatic.com/ui/v1/menu/checkmark.png]
[ssl.gstatic.com/accounts/ui/logo_1x.png]
[ssl.gstatic.com/images/branding/googlelogo/1x/googlelogo_color_112x36dp.png]
[ssl.gstatic.com/accounts/ui/logo_2x.png]
[ssl.gstatic.com/images/branding/googlelogo/2x/googlelogo_color_112x36dp.png]
[ssl.gstatic.com/accounts/ui/wlogostrip_230x17_1x.png]
[ssl.gstatic.com/accounts/ui/wlogostrip_230x17_2x.png]
[ssl.gstatic.com/ui/v1/icons/common/x_8px.png]
[ssl.gstatic.com/accounts/ui/avatar_2x.png]
[accounts.google.com/signin/usernamerecoverydf6d.html]
[accounts.google.com/AccountChooser.379df6d.delayed]
[accounts.google.com/ServiceLogine2b3.html]
[accounts.google.com/SignUpWithoutGmail683f.html]
[accounts.google.com/TOS.37dcf1a.delayed]
[www.google.com/intl/es-419/about/index.html]
[accounts.google.com/TOS.37ea77d.delayed]
[www.google.com.pe/intl/es-419/policies/privacy/index.html]
[ssl.gstatic.com/images/icons/ui/common/universal_language_settings-21.png]
[www.google.com.pe/intl/es-419/policies/terms/index.html]
[support.google.com/accounts/index7554.html]
[accounts.google.com/POST.381.delayed]
[accounts.google.com/GET.382.delayed]
[accounts.google.com/ServiceLogin5df6.html]
[accounts.google.com/signin/usernamerecovery49a1.html]
[accounts.google.com/AccountChooser.38449a1.delayed]
[accounts.google.com/ServiceLogine192.html]
[accounts.google.com/ServiceLoginb70c.html]
[accounts.google.com/SignUpWithoutGmail29af.html]
[support.google.com/youtube/answer/87604ffc6.html]
[fonts.gstatic.com/s/productsans/v9/HYvgU2fE2nRJvZ5JFAumwYnF5uFdDttMLvmWuJdhhgs.ttf]
[clients6.google.com/index.html]
[content-googleapis-staging.sandbox.google.com/index.html]
[support.google.com/youtube/answer/GET.389.delayed]
[content-googleapis-test.sandbox.google.com/index.html]
[services.google.com/fh/files/helpcenter/yt_helpcenter_wordmark_176x41.png]
[support.google.com/youtube/answer/gci_91f30755d6a6b787dcc2a4062e6e9824.38b.delayed]
[apis.google.com/index.html]
[support.google.com/index7554.html]
[www.gstatic.com/images/branding/googlelogo/svg/googlelogo_clr_74x24px.svg]
[www.gstatic.com/images/branding/googlelogo/svg/googlelogo_light_clr_74x24px.svg]
[www.gstatic.com/images/branding/googlelogo/svg/googlelogo_dark_clr_74x24px.svg]
[ssl.gstatic.com/gb/images/silhouette_24.png]
[support.google.com/index.html]
[www.google.com.pe/webhp9672.html]
[www.google.com/maps/@87ad.html]
[play.google.com/index7554.html]
[www.youtube.com/index1442.html]
[support.google.com/news/answer/6140047de3a.html]
[mail.google.com/mail/index.html]
[www.google.com/calendar.39a.delayed]
[calendar.google.com/calendar.39b.delayed]
[www.google.com/shopping7554.html]
[translate.google.com/index7554.html]
[accounts.google.com/ServiceLogin21b0.html]
[wallet.google.com/index.html]
[docs.google.com/document/index6eda.html]
[www.blogger.com/index.html]
[accounts.google.com/ServiceLogin90c3.html]
[www.google.com/contacts/index7554.html]
[hangouts.google.com/index.html]
[keep.google.com/index.html]
[www.google.com/intl/es-419/policies/privacy/index.html]
[support.google.com/youtube/contactflow7554.html]
[support.google.com/youtube/answer/gbar.3a2.delayed]
[support.google.com/youtube.html]
[support.google.com/youtube/topic/30241724539.html]
[lh3.googleusercontent.com/unnamed.png]
[www.youtube.com/new.html]
[support.google.com/accounts/answer/32050.html]
[accounts.google.com/ServiceLogin8f33.html]
[www.youtube.com/watch8e4c.html]
[lh3.googleusercontent.com/unnamed-2.png]
[www.youtube.com/user/youtubehelpb5e7.html]
[support.google.com/youtube/answer/8760477c6.html]
[support.google.com/youtube/answer/87604e601.html]
[support.google.com/youtube/answer/8760444e7.html]
[support.google.com/youtube/answer/7123737bc73.html]
[support.google.com/youtube/answer/174100bc73.html]
[support.google.com/youtube/answer/55756bc73.html]
[support.google.com/youtube/answer/2657964bc73.html]
[support.google.com/youtube/answer/6019090bc73.html]
[support.google.com/youtube/answer/7280190bc73.html]
[support.google.com/youtube/answer/6336092bc73.html]
[support.google.com/youtube/answer/2657968bc73.html]
[support.google.com/youtube/answer/6180214bc73.html]
[support.google.com/youtube/answer/55759bc73.html]
[support.google.com/youtube/answer/2972692bc73.html]
[support.google.com/youtube/answer/6373125bc73.html]
[ssl.gstatic.com/feedback/api.js]
[support.google.com/youtube/answer/87604.html]
[support.google.com/youtube/answer/google.com/support.3c0.delayed]
[support.google.com/youtube/answer/876042b4c.html]
[apis.google.com/js/client5056.js]
[support.google.com/youtube/answer/87604e385.html]
[support.google.com/youtube/answer/8760400be.html]
[support.google.com/indexfef7.html]
[www.google.com/maps/@fef7.html]
[play.google.com/indexfef7.html]
[www.google.com/shoppingfef7.html]
[translate.google.com/indexfef7.html]
[news.google.com/news/headlines4fba.html]
[www.google.com/search.3cf43ae.delayed]
[www.google.com/contacts/indexfef7.html]
[accounts.google.com/ServiceLoginf63f.html]
[www.google.com/intl/en/policies/privacy/index.html]
[support.google.com/youtube/contactflowfef7.html]
[lh3.googleusercontent.com/unnamed-3.png]
[support.google.com/youtube/topic/3024172ef69.html]
[support.google.com/youtube/answer/87604c54b.html]
[support.google.com/youtube/answer/87604cc22.html]
[support.google.com/youtube/answer/876042e8d.html]
[support.google.com/youtube/answer/7123737d55f.html]
[support.google.com/youtube/answer/174100d55f.html]
[support.google.com/youtube/answer/55756d55f.html]
[support.google.com/youtube/answer/2657964d55f.html]
[support.google.com/youtube/answer/6019090d55f.html]
[support.google.com/youtube/answer/7280190d55f.html]
[support.google.com/youtube/answer/6336092d55f.html]
[support.google.com/youtube/answer/2657968d55f.html]
[support.google.com/youtube/answer/6180214d55f.html]
[support.google.com/youtube/answer/55759d55f.html]
[support.google.com/youtube/answer/2972692d55f.html]
[support.google.com/youtube/answer/8760469d1.html]
[support.google.com/youtube/answer/6373125d55f.html]
[accounts.google.com/signin/usernamerecovery8166.html]
[accounts.google.com/AccountChooser.3e8333d.delayed]
[accounts.google.com/ServiceLogind43d.html]
[accounts.google.com/ServiceLogin0d3d.html]
[schema.org/docs/schemaorg.css]
[schema.org/docs/prettify.css]
[ajax.googleapis.com/ajax/libs/jquery/1.5.1/jquery.min.js]
[schema.org/docs/prettify.js]
[www.google.com/jsapi]
[schema.org/docs/search_results.html]
[schema.org/index.html]
[accounts.google.com/SignUpWithoutGmaila0a5.html]
[schema.org/docs/documents.html]
[schema.org/docs/schemas.html]
[schema.org/Thing.html]
[schema.org/CreativeWork.html]
[schema.org/MediaObject.html]
[docs.google.com/a/google.com/forms/d/1krxHlWJAO3JgvHRZV9Rugkr9VYnMdrI10xbGsWt733c/viewform.3f6b127.delayed]
[docs.google.com/a/google.com/forms/d/e/1FAIpQLSfdGaYIlyG0mylDEEDH8CJEbuMvsylxnpDdJlqjQX3KPl7ImA/viewformb127.html]
[schema.org/actor.html]
[schema.org/Clip.html]
[github.com/schemaorg/schemaorg/issues85e2.html]
[schema.org/CreativeWorkSeason.html]
[schema.org/Episode.html]
[schema.org/Event.html]
[schema.org/Movie.html]
[schema.org/MovieSeries.html]
[schema.org/RadioSeries.html]
[schema.org/TVSeries.html]
[schema.org/VideoGame.html]
[schema.org/VideoGameSeries.html]
[schema.org/actors.html]
[schema.org/caption.html]
[schema.org/Text.html]
[schema.org/ImageObject.html]
[schema.org/director.html]
[schema.org/directors.html]
[schema.org/musicBy.html]
[schema.org/MusicGroup.html]
[schema.org/thumbnail.html]
[schema.org/transcript.html]
[schema.org/AudioObject.html]
[schema.org/videoFrameSize.html]
[schema.org/videoQuality.html]
[schema.org/associatedArticle.html]
[schema.org/NewsArticle.html]
[schema.org/bitrate.html]
[schema.org/contentSize.html]
[schema.org/contentUrl.html]
[schema.org/URL.html]
[schema.org/duration.html]
[pending.schema.org/duration.html]
[schema.org/Duration-2.html]
[schema.org/Audiobook.html]
[schema.org/MusicRecording.html]
[schema.org/MusicRelease.html]
[schema.org/QuantitativeValueDistribution.html]
[schema.org/embedUrl.html]
[en.wikipedia.org/wiki/ISO_8601.html]
[schema.org/encodesCreativeWork.html]
[schema.org/encodingFormat.html]
[schema.org/height.html]
[schema.org/Distance.html]
[schema.org/QuantitativeValue.html]
[schema.org/Product.html]
[schema.org/VisualArtwork.html]
[schema.org/playerType.html]
[schema.org/productionCompany.html]
[schema.org/Organization.html]
[schema.org/regionsAllowed.html]
[schema.org/Place.html]
[schema.org/requiresSubscription.html]
[schema.org/Boolean.html]
[en.wikipedia.org/wiki/ISO_3166.html]
[schema.org/uploadDate.html]
[schema.org/Date.html]
[schema.org/width.html]
[schema.org/about.html]
[pending.schema.org/about.html]
[schema.org/CommunicateAction.html]
[pending.schema.org/subjectOf.html]
[schema.org/accessMode.html]
[schema.org/accessModeSufficient.html]
[schema.org/accessibilityAPI.html]
[www.w3.org/wiki/WebSchemas/Accessibility.html]
[schema.org/accessibilityControl.html]
[schema.org/accessibilityFeature.html]
[schema.org/accessibilityHazard.html]
[schema.org/accessibilitySummary.html]
[schema.org/accountablePerson.html]
[schema.org/aggregateRating.html]
[schema.org/AggregateRating-2.html]
[schema.org/Brand.html]
[schema.org/Offer.html]
[schema.org/Service.html]
[schema.org/alternativeHeadline.html]
[schema.org/associatedMedia.html]
[schema.org/audience.html]
[schema.org/Audience-2.html]
[schema.org/LodgingBusiness.html]
[schema.org/PlayAction.html]
[schema.org/serviceAudience.html]
[schema.org/audio.html]
[schema.org/author.html]
[schema.org/Rating.html]
[schema.org/award.html]
[schema.org/awards.html]
[schema.org/character.html]
[schema.org/citation.html]
[schema.org/comment.html]
[schema.org/Comment-2.html]
[schema.org/RsvpAction.html]
[schema.org/commentCount.html]
[schema.org/Integer.html]
[schema.org/contentLocation.html]
[schema.org/contentRating.html]
[schema.org/contentReferenceTime.html]
[pending.schema.org/contentReferenceTime.html]
[schema.org/DateTime.html]
[schema.org/contributor.html]
[schema.org/copyrightHolder.html]
[schema.org/copyrightYear.html]
[schema.org/Number.html]
[schema.org/creator.html]
[schema.org/UserComments.html]
[schema.org/dateCreated.html]
[schema.org/DataFeedItem.html]
[schema.org/dateModified.html]
[schema.org/datePublished.html]
[schema.org/discussionUrl.html]
[schema.org/editor.html]
[schema.org/educationalAlignment.html]
[schema.org/AlignmentObject.html]
[schema.org/educationalUse.html]
[schema.org/encoding.html]
[schema.org/encodings.html]
[schema.org/exampleOfWork.html]
[schema.org/workExample.html]
[schema.org/expires.html]
[schema.org/ClaimReview.html]
[schema.org/fileFormat.html]
[www.iana.org/assignments/media-types/media-types.html]
[schema.org/funder.html]
[schema.org/genre.html]
[schema.org/BroadcastChannel.html]
[schema.org/hasPart.html]
[schema.org/isPartOf.html]
[schema.org/headline.html]
[schema.org/inLanguage.html]
[schema.org/Language.html]
[schema.org/LinkRole.html]
[schema.org/WriteAction.html]
[tools.ietf.org/html/bcp47.480.delayed]
[schema.org/availableLanguage.html]
[schema.org/language-2.html]
[schema.org/interactionStatistic.html]
[schema.org/InteractionCounter.html]
[schema.org/interactionCount.html]
[schema.org/interactivityType.html]
[tools.ietf.org/html/bcp47.html]
[schema.org/isAccessibleForFree.html]
[schema.org/PublicationEvent.html]
[schema.org/free.html]
[schema.org/isBasedOn.html]
[schema.org/isBasedOnUrl.html]
[schema.org/isFamilyFriendly.html]
[schema.org/keywords.html]
[schema.org/learningResourceType.html]
[schema.org/license.html]
[schema.org/locationCreated.html]
[schema.org/mainEntity.html]
[schema.org/mainEntityOfPage.html]
[schema.org/material.html]
[schema.org/mentions.html]
[schema.org/offers.html]
[schema.org/AggregateOffer.html]
[schema.org/MenuItem.html]
[schema.org/position.html]
[schema.org/ListItem.html]
[schema.org/producer.html]
[schema.org/provider.html]
[schema.org/BusTrip.html]
[schema.org/Flight.html]
[schema.org/Invoice.html]
[schema.org/ParcelDelivery.html]
